Command line invocation:
    /Applications/Xcode_26.3.app/Contents/Developer/usr/bin/xcodebuild -project DarkSword.xcodeproj -scheme DarkSword -configuration Release -destination generic/platform=iOS -derivedDataPath build CODE_SIGNING_ALLOWED=NO CODE_SIGNING_REQUIRED=NO CODE_SIGN_IDENTITY= AD_HOC_CODE_SIGNING_ALLOWED=YES

Build settings from command line:
    AD_HOC_CODE_SIGNING_ALLOWED = YES
    CODE_SIGN_IDENTITY = 
    CODE_SIGNING_ALLOWED = NO
    CODE_SIGNING_REQUIRED = NO

note: Using codesigning identity override: 
ComputePackagePrebuildTargetDependencyGraph

Prepare packages

CreateBuildRequest

SendProjectDescription

CreateBuildOperation

ComputeTargetDependencyGraph
note: Building targets in dependency order
note: Target dependency graph (1 target)
    Target 'DarkSword' in project 'DarkSword' (no dependencies)

GatherProvisioningInputs

CreateBuildDescription

ExecuteExternalTool /Applications/Xcode_26.3.app/Contents/Developer/Toolchains/XcodeDefault.xctoolchain/usr/bin/clang -v -E -dM -arch arm64 -isysroot /Applications/Xcode_26.3.app/Contents/Developer/Platforms/iPhoneOS.platform/Developer/SDKs/iPhoneOS26.2.sdk -x objective-c -c /dev/null

ExecuteExternalTool /Applications/Xcode_26.3.app/Contents/Developer/Toolchains/XcodeDefault.xctoolchain/usr/bin/clang -v -E -dM -isysroot /Applications/Xcode_26.3.app/Contents/Developer/Platforms/iPhoneOS.platform/Developer/SDKs/iPhoneOS26.2.sdk -x c -c /dev/null

ExecuteExternalTool /Applications/Xcode_26.3.app/Contents/Developer/Toolchains/XcodeDefault.xctoolchain/usr/bin/clang -v -E -dM -arch arm64 -isysroot /Applications/Xcode_26.3.app/Contents/Developer/Platforms/iPhoneOS.platform/Developer/SDKs/iPhoneOS26.2.sdk -x c -c /dev/null

ExecuteExternalTool /Applications/Xcode_26.3.app/Contents/Developer/Toolchains/XcodeDefault.xctoolchain/usr/bin/clang -v -E -dM -arch arm64 -isysroot /Applications/Xcode_26.3.app/Contents/Developer/Platforms/iPhoneOS.platform/Developer/SDKs/iPhoneOS26.2.sdk -x objective-c++ -c /dev/null

ExecuteExternalTool /Applications/Xcode_26.3.app/Contents/Developer/usr/bin/actool --print-asset-tag-combinations --output-format xml1 /Users/runner/work/-uc/-uc/DarkSword/Assets.xcassets

ExecuteExternalTool /Applications/Xcode_26.3.app/Contents/Developer/usr/bin/actool --version --output-format xml1

ExecuteExternalTool /Applications/Xcode_26.3.app/Contents/Developer/Toolchains/XcodeDefault.xctoolchain/usr/bin/swiftc --version

ExecuteExternalTool /Applications/Xcode_26.3.app/Contents/Developer/Toolchains/XcodeDefault.xctoolchain/usr/bin/ld -version_details

Build description signature: cb36dd2bc106f59bd2513f59274e0dcf
Build description path: /Users/runner/work/-uc/-uc/build/Build/Intermediates.noindex/XCBuildData/cb36dd2bc106f59bd2513f59274e0dcf.xcbuilddata
CreateBuildDirectory /Users/runner/work/-uc/-uc/build/Build/Products
    cd /Users/runner/work/-uc/-uc/DarkSword.xcodeproj
    builtin-create-build-directory /Users/runner/work/-uc/-uc/build/Build/Products

CreateBuildDirectory /Users/runner/work/-uc/-uc/build/Build/Intermediates.noindex
    cd /Users/runner/work/-uc/-uc/DarkSword.xcodeproj
    builtin-create-build-directory /Users/runner/work/-uc/-uc/build/Build/Intermediates.noindex

ClangStatCache /Applications/Xcode_26.3.app/Contents/Developer/Toolchains/XcodeDefault.xctoolchain/usr/bin/clang-stat-cache /Applications/Xcode_26.3.app/Contents/Developer/Platforms/iPhoneOS.platform/Developer/SDKs/iPhoneOS26.2.sdk /Users/runner/work/-uc/-uc/build/SDKStatCaches.noindex/iphoneos26.2-23C57-dc75598d0054f22ec865fa860f139d722dd23b4ebda140f7210d155ff1243552.sdkstatcache
    cd /Users/runner/work/-uc/-uc/DarkSword.xcodeproj
    /Applications/Xcode_26.3.app/Contents/Developer/Toolchains/XcodeDefault.xctoolchain/usr/bin/clang-stat-cache /Applications/Xcode_26.3.app/Contents/Developer/Platforms/iPhoneOS.platform/Developer/SDKs/iPhoneOS26.2.sdk -o /Users/runner/work/-uc/-uc/build/SDKStatCaches.noindex/iphoneos26.2-23C57-dc75598d0054f22ec865fa860f139d722dd23b4ebda140f7210d155ff1243552.sdkstatcache

WriteAuxiliaryFile /Users/runner/work/-uc/-uc/build/Build/Intermediates.noindex/DarkSword.build/Release-iphoneos/DarkSword-f16035acb05fbbc1d774c248c3ca2046-VFS-iphoneos/all-product-headers.yaml
    cd /Users/runner/work/-uc/-uc/DarkSword.xcodeproj
    write-file /Users/runner/work/-uc/-uc/build/Build/Intermediates.noindex/DarkSword.build/Release-iphoneos/DarkSword-f16035acb05fbbc1d774c248c3ca2046-VFS-iphoneos/all-product-headers.yaml

CreateBuildDirectory /Users/runner/work/-uc/-uc/build/Build/Products/Release-iphoneos
    cd /Users/runner/work/-uc/-uc/DarkSword.xcodeproj
    builtin-create-build-directory /Users/runner/work/-uc/-uc/build/Build/Products/Release-iphoneos

CreateBuildDirectory /Users/runner/work/-uc/-uc/build/Build/Intermediates.noindex/SwiftExplicitPrecompiledModules
    cd /Users/runner/work/-uc/-uc/DarkSword.xcodeproj
    builtin-create-build-directory /Users/runner/work/-uc/-uc/build/Build/Intermediates.noindex/SwiftExplicitPrecompiledModules

CreateBuildDirectory /Users/runner/work/-uc/-uc/build/Build/Intermediates.noindex/ExplicitPrecompiledModules
    cd /Users/runner/work/-uc/-uc/DarkSword.xcodeproj
    builtin-create-build-directory /Users/runner/work/-uc/-uc/build/Build/Intermediates.noindex/ExplicitPrecompiledModules

CreateBuildDirectory /Users/runner/work/-uc/-uc/build/Build/Intermediates.noindex/EagerLinkingTBDs/Release-iphoneos
    cd /Users/runner/work/-uc/-uc/DarkSword.xcodeproj
    builtin-create-build-directory /Users/runner/work/-uc/-uc/build/Build/Intermediates.noindex/EagerLinkingTBDs/Release-iphoneos

WriteAuxiliaryFile /Users/runner/work/-uc/-uc/build/Build/Intermediates.noindex/DarkSword.build/Release-iphoneos/DarkSword.build/Objects-normal/arm64/e6072d4f65d7061329687fe24e3d63a7-common-args.resp (in target 'DarkSword' from project 'DarkSword')
    cd /Users/runner/work/-uc/-uc
    write-file /Users/runner/work/-uc/-uc/build/Build/Intermediates.noindex/DarkSword.build/Release-iphoneos/DarkSword.build/Objects-normal/arm64/e6072d4f65d7061329687fe24e3d63a7-common-args.resp
-target arm64-apple-ios16.0 '-std=gnu17' -fobjc-arc -fobjc-weak -fmodules -gmodules '-fmodules-cache-path=/Users/runner/work/-uc/-uc/build/ModuleCache.noindex' -fpascal-strings -Os -fno-common '-DNS_BLOCK_ASSERTIONS=1' '-DOBJC_OLD_DISPATCH_PROTOTYPES=0' -isysroot /Applications/Xcode_26.3.app/Contents/Developer/Platforms/iPhoneOS.platform/Developer/SDKs/iPhoneOS26.2.sdk -g '-fvisibility=hidden' -iquote /Users/runner/work/-uc/-uc/build/Build/Intermediates.noindex/DarkSword.build/Release-iphoneos/DarkSword.build/DarkSword-generated-files.hmap -I/Users/runner/work/-uc/-uc/build/Build/Intermediates.noindex/DarkSword.build/Release-iphoneos/DarkSword.build/DarkSword-own-target-headers.hmap -I/Users/runner/work/-uc/-uc/build/Build/Intermediates.noindex/DarkSword.build/Release-iphoneos/DarkSword.build/DarkSword-all-target-headers.hmap -iquote /Users/runner/work/-uc/-uc/build/Build/Intermediates.noindex/DarkSword.build/Release-iphoneos/DarkSword.build/DarkSword-project-headers.hmap -I/Users/runner/work/-uc/-uc/build/Build/Products/Release-iphoneos/include -I/Users/runner/work/-uc/-uc/DarkSword -I/Users/runner/work/-uc/-uc/DarkSword/kexploit -I/Users/runner/work/-uc/-uc/DarkSword/TaskRop -I/Users/runner/work/-uc/-uc/DarkSword/tweaks -I/Users/runner/work/-uc/-uc/DarkSword/utils -I/Users/runner/work/-uc/-uc/DarkSword/research -I/Users/runner/work/-uc/-uc/DarkSword/esp -I/Users/runner/work/-uc/-uc/DarkSword/esp/Core -I/Users/runner/work/-uc/-uc/DarkSword/esp/drawing_view -I/Users/runner/work/-uc/-uc/build/Build/Intermediates.noindex/DarkSword.build/Release-iphoneos/DarkSword.build/DerivedSources-normal/arm64 -I/Users/runner/work/-uc/-uc/build/Build/Intermediates.noindex/DarkSword.build/Release-iphoneos/DarkSword.build/DerivedSources/arm64 -I/Users/runner/work/-uc/-uc/build/Build/Intermediates.noindex/DarkSword.build/Release-iphoneos/DarkSword.build/DerivedSources -F/Users/runner/work/-uc/-uc/build/Build/Products/Release-iphoneos

WriteAuxiliaryFile /Users/runner/work/-uc/-uc/build/Build/Intermediates.noindex/DarkSword.build/Release-iphoneos/DarkSword.build/Objects-normal/arm64/af3fcb34312c57c0f52879cdce924b91-common-args.resp (in target 'DarkSword' from project 'DarkSword')
    cd /Users/runner/work/-uc/-uc
    write-file /Users/runner/work/-uc/-uc/build/Build/Intermediates.noindex/DarkSword.build/Release-iphoneos/DarkSword.build/Objects-normal/arm64/af3fcb34312c57c0f52879cdce924b91-common-args.resp
-target arm64-apple-ios16.0 '-std=gnu++20' -fobjc-arc -fobjc-weak -fmodules -fno-cxx-modules -gmodules '-fmodules-cache-path=/Users/runner/work/-uc/-uc/build/ModuleCache.noindex' -fpascal-strings -Os -fno-common '-DNS_BLOCK_ASSERTIONS=1' '-DOBJC_OLD_DISPATCH_PROTOTYPES=0' -isysroot /Applications/Xcode_26.3.app/Contents/Developer/Platforms/iPhoneOS.platform/Developer/SDKs/iPhoneOS26.2.sdk -g '-fvisibility=hidden' -fvisibility-inlines-hidden -iquote /Users/runner/work/-uc/-uc/build/Build/Intermediates.noindex/DarkSword.build/Release-iphoneos/DarkSword.build/DarkSword-generated-files.hmap -I/Users/runner/work/-uc/-uc/build/Build/Intermediates.noindex/DarkSword.build/Release-iphoneos/DarkSword.build/DarkSword-own-target-headers.hmap -I/Users/runner/work/-uc/-uc/build/Build/Intermediates.noindex/DarkSword.build/Release-iphoneos/DarkSword.build/DarkSword-all-target-headers.hmap -iquote /Users/runner/work/-uc/-uc/build/Build/Intermediates.noindex/DarkSword.build/Release-iphoneos/DarkSword.build/DarkSword-project-headers.hmap -I/Users/runner/work/-uc/-uc/build/Build/Products/Release-iphoneos/include -I/Users/runner/work/-uc/-uc/DarkSword -I/Users/runner/work/-uc/-uc/DarkSword/kexploit -I/Users/runner/work/-uc/-uc/DarkSword/TaskRop -I/Users/runner/work/-uc/-uc/DarkSword/tweaks -I/Users/runner/work/-uc/-uc/DarkSword/utils -I/Users/runner/work/-uc/-uc/DarkSword/research -I/Users/runner/work/-uc/-uc/DarkSword/esp -I/Users/runner/work/-uc/-uc/DarkSword/esp/Core -I/Users/runner/work/-uc/-uc/DarkSword/esp/drawing_view -I/Users/runner/work/-uc/-uc/build/Build/Intermediates.noindex/DarkSword.build/Release-iphoneos/DarkSword.build/DerivedSources-normal/arm64 -I/Users/runner/work/-uc/-uc/build/Build/Intermediates.noindex/DarkSword.build/Release-iphoneos/DarkSword.build/DerivedSources/arm64 -I/Users/runner/work/-uc/-uc/build/Build/Intermediates.noindex/DarkSword.build/Release-iphoneos/DarkSword.build/DerivedSources -F/Users/runner/work/-uc/-uc/build/Build/Products/Release-iphoneos

WriteAuxiliaryFile /Users/runner/work/-uc/-uc/build/Build/Intermediates.noindex/DarkSword.build/Release-iphoneos/DarkSword.build/Objects-normal/arm64/DarkSword_const_extract_protocols.json (in target 'DarkSword' from project 'DarkSword')
    cd /Users/runner/work/-uc/-uc
    write-file /Users/runner/work/-uc/-uc/build/Build/Intermediates.noindex/DarkSword.build/Release-iphoneos/DarkSword.build/Objects-normal/arm64/DarkSword_const_extract_protocols.json

WriteAuxiliaryFile /Users/runner/work/-uc/-uc/build/Build/Intermediates.noindex/DarkSword.build/Release-iphoneos/DarkSword.build/Objects-normal/arm64/DarkSword.SwiftFileList (in target 'DarkSword' from project 'DarkSword')
    cd /Users/runner/work/-uc/-uc
    write-file /Users/runner/work/-uc/-uc/build/Build/Intermediates.noindex/DarkSword.build/Release-iphoneos/DarkSword.build/Objects-normal/arm64/DarkSword.SwiftFileList

WriteAuxiliaryFile /Users/runner/work/-uc/-uc/build/Build/Intermediates.noindex/DarkSword.build/Release-iphoneos/DarkSword.build/Objects-normal/arm64/DarkSword.SwiftConstValuesFileList (in target 'DarkSword' from project 'DarkSword')
    cd /Users/runner/work/-uc/-uc
    write-file /Users/runner/work/-uc/-uc/build/Build/Intermediates.noindex/DarkSword.build/Release-iphoneos/DarkSword.build/Objects-normal/arm64/DarkSword.SwiftConstValuesFileList

WriteAuxiliaryFile /Users/runner/work/-uc/-uc/build/Build/Intermediates.noindex/DarkSword.build/Release-iphoneos/DarkSword.build/Objects-normal/arm64/DarkSword.LinkFileList (in target 'DarkSword' from project 'DarkSword')
    cd /Users/runner/work/-uc/-uc
    write-file /Users/runner/work/-uc/-uc/build/Build/Intermediates.noindex/DarkSword.build/Release-iphoneos/DarkSword.build/Objects-normal/arm64/DarkSword.LinkFileList

WriteAuxiliaryFile /Users/runner/work/-uc/-uc/build/Build/Intermediates.noindex/DarkSword.build/Release-iphoneos/DarkSword.build/Objects-normal/arm64/DarkSword-OutputFileMap.json (in target 'DarkSword' from project 'DarkSword')
    cd /Users/runner/work/-uc/-uc
    write-file /Users/runner/work/-uc/-uc/build/Build/Intermediates.noindex/DarkSword.build/Release-iphoneos/DarkSword.build/Objects-normal/arm64/DarkSword-OutputFileMap.json

WriteAuxiliaryFile /Users/runner/work/-uc/-uc/build/Build/Intermediates.noindex/DarkSword.build/Release-iphoneos/DarkSword.build/DarkSword.hmap (in target 'DarkSword' from project 'DarkSword')
    cd /Users/runner/work/-uc/-uc
    write-file /Users/runner/work/-uc/-uc/build/Build/Intermediates.noindex/DarkSword.build/Release-iphoneos/DarkSword.build/DarkSword.hmap

WriteAuxiliaryFile /Users/runner/work/-uc/-uc/build/Build/Intermediates.noindex/DarkSword.build/Release-iphoneos/DarkSword.build/DarkSword.DependencyStaticMetadataFileList (in target 'DarkSword' from project 'DarkSword')
    cd /Users/runner/work/-uc/-uc
    write-file /Users/runner/work/-uc/-uc/build/Build/Intermediates.noindex/DarkSword.build/Release-iphoneos/DarkSword.build/DarkSword.DependencyStaticMetadataFileList

WriteAuxiliaryFile /Users/runner/work/-uc/-uc/build/Build/Intermediates.noindex/DarkSword.build/Release-iphoneos/DarkSword.build/DarkSword.DependencyMetadataFileList (in target 'DarkSword' from project 'DarkSword')
    cd /Users/runner/work/-uc/-uc
    write-file /Users/runner/work/-uc/-uc/build/Build/Intermediates.noindex/DarkSword.build/Release-iphoneos/DarkSword.build/DarkSword.DependencyMetadataFileList

WriteAuxiliaryFile /Users/runner/work/-uc/-uc/build/Build/Intermediates.noindex/DarkSword.build/Release-iphoneos/DarkSword.build/DarkSword-project-headers.hmap (in target 'DarkSword' from project 'DarkSword')
    cd /Users/runner/work/-uc/-uc
    write-file /Users/runner/work/-uc/-uc/build/Build/Intermediates.noindex/DarkSword.build/Release-iphoneos/DarkSword.build/DarkSword-project-headers.hmap

WriteAuxiliaryFile /Users/runner/work/-uc/-uc/build/Build/Intermediates.noindex/DarkSword.build/Release-iphoneos/DarkSword.build/DarkSword-own-target-headers.hmap (in target 'DarkSword' from project 'DarkSword')
    cd /Users/runner/work/-uc/-uc
    write-file /Users/runner/work/-uc/-uc/build/Build/Intermediates.noindex/DarkSword.build/Release-iphoneos/DarkSword.build/DarkSword-own-target-headers.hmap

WriteAuxiliaryFile /Users/runner/work/-uc/-uc/build/Build/Intermediates.noindex/DarkSword.build/Release-iphoneos/DarkSword.build/DarkSword-generated-files.hmap (in target 'DarkSword' from project 'DarkSword')
    cd /Users/runner/work/-uc/-uc
    write-file /Users/runner/work/-uc/-uc/build/Build/Intermediates.noindex/DarkSword.build/Release-iphoneos/DarkSword.build/DarkSword-generated-files.hmap

WriteAuxiliaryFile /Users/runner/work/-uc/-uc/build/Build/Intermediates.noindex/DarkSword.build/Release-iphoneos/DarkSword.build/DarkSword-all-target-headers.hmap (in target 'DarkSword' from project 'DarkSword')
    cd /Users/runner/work/-uc/-uc
    write-file /Users/runner/work/-uc/-uc/build/Build/Intermediates.noindex/DarkSword.build/Release-iphoneos/DarkSword.build/DarkSword-all-target-headers.hmap

WriteAuxiliaryFile /Users/runner/work/-uc/-uc/build/Build/Intermediates.noindex/DarkSword.build/Release-iphoneos/DarkSword.build/DarkSword-all-non-framework-target-headers.hmap (in target 'DarkSword' from project 'DarkSword')
    cd /Users/runner/work/-uc/-uc
    write-file /Users/runner/work/-uc/-uc/build/Build/Intermediates.noindex/DarkSword.build/Release-iphoneos/DarkSword.build/DarkSword-all-non-framework-target-headers.hmap

MkDir /Users/runner/work/-uc/-uc/build/Build/Products/Release-iphoneos/DarkSword.app (in target 'DarkSword' from project 'DarkSword')
    cd /Users/runner/work/-uc/-uc
    /bin/mkdir -p /Users/runner/work/-uc/-uc/build/Build/Products/Release-iphoneos/DarkSword.app

MkDir /Users/runner/work/-uc/-uc/build/Build/Intermediates.noindex/DarkSword.build/Release-iphoneos/DarkSword.build/assetcatalog_output/unthinned (in target 'DarkSword' from project 'DarkSword')
    cd /Users/runner/work/-uc/-uc
    /bin/mkdir -p /Users/runner/work/-uc/-uc/build/Build/Intermediates.noindex/DarkSword.build/Release-iphoneos/DarkSword.build/assetcatalog_output/unthinned

MkDir /Users/runner/work/-uc/-uc/build/Build/Intermediates.noindex/DarkSword.build/Release-iphoneos/DarkSword.build/assetcatalog_output/thinned (in target 'DarkSword' from project 'DarkSword')
    cd /Users/runner/work/-uc/-uc
    /bin/mkdir -p /Users/runner/work/-uc/-uc/build/Build/Intermediates.noindex/DarkSword.build/Release-iphoneos/DarkSword.build/assetcatalog_output/thinned

GenerateAssetSymbols /Users/runner/work/-uc/-uc/DarkSword/Assets.xcassets (in target 'DarkSword' from project 'DarkSword')
    cd /Users/runner/work/-uc/-uc
    /Applications/Xcode_26.3.app/Contents/Developer/usr/bin/actool /Users/runner/work/-uc/-uc/DarkSword/Assets.xcassets --compile /Users/runner/work/-uc/-uc/build/Build/Products/Release-iphoneos/DarkSword.app --output-format human-readable-text --notices --warnings --export-dependency-info /Users/runner/work/-uc/-uc/build/Build/Intermediates.noindex/DarkSword.build/Release-iphoneos/DarkSword.build/assetcatalog_dependencies --output-partial-info-plist /Users/runner/work/-uc/-uc/build/Build/Intermediates.noindex/DarkSword.build/Release-iphoneos/DarkSword.build/assetcatalog_generated_info.plist --app-icon AppIcon --compress-pngs --enable-on-demand-resources YES --development-region en --target-device iphone --target-device ipad --minimum-deployment-target 16.0 --platform iphoneos --bundle-identifier com.darksword.app --generate-swift-asset-symbols /Users/runner/work/-uc/-uc/build/Build/Intermediates.noindex/DarkSword.build/Release-iphoneos/DarkSword.build/DerivedSources/GeneratedAssetSymbols.swift --generate-objc-asset-symbols /Users/runner/work/-uc/-uc/build/Build/Intermediates.noindex/DarkSword.build/Release-iphoneos/DarkSword.build/DerivedSources/GeneratedAssetSymbols.h --generate-asset-symbol-index /Users/runner/work/-uc/-uc/build/Build/Intermediates.noindex/DarkSword.build/Release-iphoneos/DarkSword.build/DerivedSources/GeneratedAssetSymbols-Index.plist
/* com.apple.actool.compilation-results */
/Users/runner/work/-uc/-uc/build/Build/Intermediates.noindex/DarkSword.build/Release-iphoneos/DarkSword.build/DerivedSources/GeneratedAssetSymbols-Index.plist
/Users/runner/work/-uc/-uc/build/Build/Intermediates.noindex/DarkSword.build/Release-iphoneos/DarkSword.build/DerivedSources/GeneratedAssetSymbols.h
/Users/runner/work/-uc/-uc/build/Build/Intermediates.noindex/DarkSword.build/Release-iphoneos/DarkSword.build/DerivedSources/GeneratedAssetSymbols.swift


CpResource /Users/runner/work/-uc/-uc/build/Build/Products/Release-iphoneos/DarkSword.app/silence.wav /Users/runner/work/-uc/-uc/DarkSword/Resources/silence.wav (in target 'DarkSword' from project 'DarkSword')
    cd /Users/runner/work/-uc/-uc
    builtin-copy -exclude .DS_Store -exclude CVS -exclude .svn -exclude .git -exclude .hg -resolve-src-symlinks /Users/runner/work/-uc/-uc/DarkSword/Resources/silence.wav /Users/runner/work/-uc/-uc/build/Build/Products/Release-iphoneos/DarkSword.app

CpResource /Users/runner/work/-uc/-uc/build/Build/Products/Release-iphoneos/DarkSword.app/GFF-Latin-Bold.ttf /Users/runner/work/-uc/-uc/DarkSword/Resources/GFF-Latin-Bold.ttf (in target 'DarkSword' from project 'DarkSword')
    cd /Users/runner/work/-uc/-uc
    builtin-copy -exclude .DS_Store -exclude CVS -exclude .svn -exclude .git -exclude .hg -resolve-src-symlinks /Users/runner/work/-uc/-uc/DarkSword/Resources/GFF-Latin-Bold.ttf /Users/runner/work/-uc/-uc/build/Build/Products/Release-iphoneos/DarkSword.app

CompileAssetCatalogVariant thinned /Users/runner/work/-uc/-uc/build/Build/Products/Release-iphoneos/DarkSword.app /Users/runner/work/-uc/-uc/DarkSword/Assets.xcassets (in target 'DarkSword' from project 'DarkSword')
    cd /Users/runner/work/-uc/-uc
    /Applications/Xcode_26.3.app/Contents/Developer/usr/bin/actool /Users/runner/work/-uc/-uc/DarkSword/Assets.xcassets --compile /Users/runner/work/-uc/-uc/build/Build/Intermediates.noindex/DarkSword.build/Release-iphoneos/DarkSword.build/assetcatalog_output/thinned --output-format human-readable-text --notices --warnings --export-dependency-info /Users/runner/work/-uc/-uc/build/Build/Intermediates.noindex/DarkSword.build/Release-iphoneos/DarkSword.build/assetcatalog_dependencies_thinned --output-partial-info-plist /Users/runner/work/-uc/-uc/build/Build/Intermediates.noindex/DarkSword.build/Release-iphoneos/DarkSword.build/assetcatalog_generated_info.plist_thinned --app-icon AppIcon --compress-pngs --enable-on-demand-resources YES --development-region en --target-device iphone --target-device ipad --minimum-deployment-target 16.0 --platform iphoneos

SwiftDriver DarkSword normal arm64 com.apple.xcode.tools.swift.compiler (in target 'DarkSword' from project 'DarkSword')
    cd /Users/runner/work/-uc/-uc
    builtin-SwiftDriver -- /Applications/Xcode_26.3.app/Contents/Developer/Toolchains/XcodeDefault.xctoolchain/usr/bin/swiftc -module-name DarkSword -O -whole-module-optimization -enforce-exclusivity\=checked @/Users/runner/work/-uc/-uc/build/Build/Intermediates.noindex/DarkSword.build/Release-iphoneos/DarkSword.build/Objects-normal/arm64/DarkSword.SwiftFileList -enable-bare-slash-regex -enable-experimental-feature DebugDescriptionMacro -sdk /Applications/Xcode_26.3.app/Contents/Developer/Platforms/iPhoneOS.platform/Developer/SDKs/iPhoneOS26.2.sdk -target arm64-apple-ios16.0 -g -module-cache-path /Users/runner/work/-uc/-uc/build/ModuleCache.noindex -Xfrontend -serialize-debugging-options -swift-version 5 -I /Users/runner/work/-uc/-uc/build/Build/Products/Release-iphoneos -F /Users/runner/work/-uc/-uc/build/Build/Products/Release-iphoneos -emit-localized-strings -emit-localized-strings-path /Users/runner/work/-uc/-uc/build/Build/Intermediates.noindex/DarkSword.build/Release-iphoneos/DarkSword.build/Objects-normal/arm64 -c -num-threads 3 -Xcc -ivfsstatcache -Xcc /Users/runner/work/-uc/-uc/build/SDKStatCaches.noindex/iphoneos26.2-23C57-dc75598d0054f22ec865fa860f139d722dd23b4ebda140f7210d155ff1243552.sdkstatcache -output-file-map /Users/runner/work/-uc/-uc/build/Build/Intermediates.noindex/DarkSword.build/Release-iphoneos/DarkSword.build/Objects-normal/arm64/DarkSword-OutputFileMap.json -use-frontend-parseable-output -save-temps -no-color-diagnostics -explicit-module-build -module-cache-path /Users/runner/work/-uc/-uc/build/Build/Intermediates.noindex/SwiftExplicitPrecompiledModules -clang-scanner-module-cache-path /Users/runner/work/-uc/-uc/build/ModuleCache.noindex -sdk-module-cache-path /Users/runner/work/-uc/-uc/build/ModuleCache.noindex -serialize-diagnostics -emit-dependencies -emit-module -emit-module-path /Users/runner/work/-uc/-uc/build/Build/Intermediates.noindex/DarkSword.build/Release-iphoneos/DarkSword.build/Objects-normal/arm64/DarkSword.swiftmodule -validate-clang-modules-once -clang-build-session-file /Users/runner/work/-uc/-uc/build/ModuleCache.noindex/Session.modulevalidation -Xcc -I/Users/runner/work/-uc/-uc/build/Build/Intermediates.noindex/DarkSword.build/Release-iphoneos/DarkSword.build/swift-overrides.hmap -emit-const-values -Xfrontend -const-gather-protocols-file -Xfrontend /Users/runner/work/-uc/-uc/build/Build/Intermediates.noindex/DarkSword.build/Release-iphoneos/DarkSword.build/Objects-normal/arm64/DarkSword_const_extract_protocols.json -Xcc -iquote -Xcc /Users/runner/work/-uc/-uc/build/Build/Intermediates.noindex/DarkSword.build/Release-iphoneos/DarkSword.build/DarkSword-generated-files.hmap -Xcc -I/Users/runner/work/-uc/-uc/build/Build/Intermediates.noindex/DarkSword.build/Release-iphoneos/DarkSword.build/DarkSword-own-target-headers.hmap -Xcc -I/Users/runner/work/-uc/-uc/build/Build/Intermediates.noindex/DarkSword.build/Release-iphoneos/DarkSword.build/DarkSword-all-target-headers.hmap -Xcc -iquote -Xcc /Users/runner/work/-uc/-uc/build/Build/Intermediates.noindex/DarkSword.build/Release-iphoneos/DarkSword.build/DarkSword-project-headers.hmap -Xcc -I/Users/runner/work/-uc/-uc/build/Build/Products/Release-iphoneos/include -Xcc -I/Users/runner/work/-uc/-uc/DarkSword -Xcc -I/Users/runner/work/-uc/-uc/DarkSword/kexploit -Xcc -I/Users/runner/work/-uc/-uc/DarkSword/TaskRop -Xcc -I/Users/runner/work/-uc/-uc/DarkSword/tweaks -Xcc -I/Users/runner/work/-uc/-uc/DarkSword/utils -Xcc -I/Users/runner/work/-uc/-uc/DarkSword/research -Xcc -I/Users/runner/work/-uc/-uc/DarkSword/esp -Xcc -I/Users/runner/work/-uc/-uc/DarkSword/esp/Core -Xcc -I/Users/runner/work/-uc/-uc/DarkSword/esp/drawing_view -Xcc -I/Users/runner/work/-uc/-uc/build/Build/Intermediates.noindex/DarkSword.build/Release-iphoneos/DarkSword.build/DerivedSources-normal/arm64 -Xcc -I/Users/runner/work/-uc/-uc/build/Build/Intermediates.noindex/DarkSword.build/Release-iphoneos/DarkSword.build/DerivedSources/arm64 -Xcc -I/Users/runner/work/-uc/-uc/build/Build/Intermediates.noindex/DarkSword.build/Release-iphoneos/DarkSword.build/DerivedSources -emit-objc-header -emit-objc-header-path /Users/runner/work/-uc/-uc/build/Build/Intermediates.noindex/DarkSword.build/Release-iphoneos/DarkSword.build/Objects-normal/arm64/DarkSword-Swift.h -import-objc-header /Users/runner/work/-uc/-uc/DarkSword/DarkSword-Bridging-Header.h -working-directory /Users/runner/work/-uc/-uc -no-emit-module-separately-wmo

SwiftDriver\ Compilation DarkSword normal arm64 com.apple.xcode.tools.swift.compiler (in target 'DarkSword' from project 'DarkSword')
    cd /Users/runner/work/-uc/-uc
    builtin-Swift-Compilation -- /Applications/Xcode_26.3.app/Contents/Developer/Toolchains/XcodeDefault.xctoolchain/usr/bin/swiftc -module-name DarkSword -O -whole-module-optimization -enforce-exclusivity\=checked @/Users/runner/work/-uc/-uc/build/Build/Intermediates.noindex/DarkSword.build/Release-iphoneos/DarkSword.build/Objects-normal/arm64/DarkSword.SwiftFileList -enable-bare-slash-regex -enable-experimental-feature DebugDescriptionMacro -sdk /Applications/Xcode_26.3.app/Contents/Developer/Platforms/iPhoneOS.platform/Developer/SDKs/iPhoneOS26.2.sdk -target arm64-apple-ios16.0 -g -module-cache-path /Users/runner/work/-uc/-uc/build/ModuleCache.noindex -Xfrontend -serialize-debugging-options -swift-version 5 -I /Users/runner/work/-uc/-uc/build/Build/Products/Release-iphoneos -F /Users/runner/work/-uc/-uc/build/Build/Products/Release-iphoneos -emit-localized-strings -emit-localized-strings-path /Users/runner/work/-uc/-uc/build/Build/Intermediates.noindex/DarkSword.build/Release-iphoneos/DarkSword.build/Objects-normal/arm64 -c -num-threads 3 -Xcc -ivfsstatcache -Xcc /Users/runner/work/-uc/-uc/build/SDKStatCaches.noindex/iphoneos26.2-23C57-dc75598d0054f22ec865fa860f139d722dd23b4ebda140f7210d155ff1243552.sdkstatcache -output-file-map /Users/runner/work/-uc/-uc/build/Build/Intermediates.noindex/DarkSword.build/Release-iphoneos/DarkSword.build/Objects-normal/arm64/DarkSword-OutputFileMap.json -use-frontend-parseable-output -save-temps -no-color-diagnostics -explicit-module-build -module-cache-path /Users/runner/work/-uc/-uc/build/Build/Intermediates.noindex/SwiftExplicitPrecompiledModules -clang-scanner-module-cache-path /Users/runner/work/-uc/-uc/build/ModuleCache.noindex -sdk-module-cache-path /Users/runner/work/-uc/-uc/build/ModuleCache.noindex -serialize-diagnostics -emit-dependencies -emit-module -emit-module-path /Users/runner/work/-uc/-uc/build/Build/Intermediates.noindex/DarkSword.build/Release-iphoneos/DarkSword.build/Objects-normal/arm64/DarkSword.swiftmodule -validate-clang-modules-once -clang-build-session-file /Users/runner/work/-uc/-uc/build/ModuleCache.noindex/Session.modulevalidation -Xcc -I/Users/runner/work/-uc/-uc/build/Build/Intermediates.noindex/DarkSword.build/Release-iphoneos/DarkSword.build/swift-overrides.hmap -emit-const-values -Xfrontend -const-gather-protocols-file -Xfrontend /Users/runner/work/-uc/-uc/build/Build/Intermediates.noindex/DarkSword.build/Release-iphoneos/DarkSword.build/Objects-normal/arm64/DarkSword_const_extract_protocols.json -Xcc -iquote -Xcc /Users/runner/work/-uc/-uc/build/Build/Intermediates.noindex/DarkSword.build/Release-iphoneos/DarkSword.build/DarkSword-generated-files.hmap -Xcc -I/Users/runner/work/-uc/-uc/build/Build/Intermediates.noindex/DarkSword.build/Release-iphoneos/DarkSword.build/DarkSword-own-target-headers.hmap -Xcc -I/Users/runner/work/-uc/-uc/build/Build/Intermediates.noindex/DarkSword.build/Release-iphoneos/DarkSword.build/DarkSword-all-target-headers.hmap -Xcc -iquote -Xcc /Users/runner/work/-uc/-uc/build/Build/Intermediates.noindex/DarkSword.build/Release-iphoneos/DarkSword.build/DarkSword-project-headers.hmap -Xcc -I/Users/runner/work/-uc/-uc/build/Build/Products/Release-iphoneos/include -Xcc -I/Users/runner/work/-uc/-uc/DarkSword -Xcc -I/Users/runner/work/-uc/-uc/DarkSword/kexploit -Xcc -I/Users/runner/work/-uc/-uc/DarkSword/TaskRop -Xcc -I/Users/runner/work/-uc/-uc/DarkSword/tweaks -Xcc -I/Users/runner/work/-uc/-uc/DarkSword/utils -Xcc -I/Users/runner/work/-uc/-uc/DarkSword/research -Xcc -I/Users/runner/work/-uc/-uc/DarkSword/esp -Xcc -I/Users/runner/work/-uc/-uc/DarkSword/esp/Core -Xcc -I/Users/runner/work/-uc/-uc/DarkSword/esp/drawing_view -Xcc -I/Users/runner/work/-uc/-uc/build/Build/Intermediates.noindex/DarkSword.build/Release-iphoneos/DarkSword.build/DerivedSources-normal/arm64 -Xcc -I/Users/runner/work/-uc/-uc/build/Build/Intermediates.noindex/DarkSword.build/Release-iphoneos/DarkSword.build/DerivedSources/arm64 -Xcc -I/Users/runner/work/-uc/-uc/build/Build/Intermediates.noindex/DarkSword.build/Release-iphoneos/DarkSword.build/DerivedSources -emit-objc-header -emit-objc-header-path /Users/runner/work/-uc/-uc/build/Build/Intermediates.noindex/DarkSword.build/Release-iphoneos/DarkSword.build/Objects-normal/arm64/DarkSword-Swift.h -import-objc-header /Users/runner/work/-uc/-uc/DarkSword/DarkSword-Bridging-Header.h -working-directory /Users/runner/work/-uc/-uc -no-emit-module-separately-wmo

SwiftExplicitDependencyGeneratePcm arm64 /Users/runner/work/-uc/-uc/build/ModuleCache.noindex/ptrcheck-5Q8D9KA6UPYSVFYSL0FWOI11V.pcm

SwiftExplicitDependencyGeneratePcm arm64 /Users/runner/work/-uc/-uc/build/ModuleCache.noindex/_Builtin_stdarg-A1UBY5EIHYNJWM784ADV4TSV.pcm

SwiftExplicitDependencyGeneratePcm arm64 /Users/runner/work/-uc/-uc/build/ModuleCache.noindex/SwiftShims-82P4PI90WX1Q7GNJ8N9W72RXY.pcm

SwiftExplicitDependencyGeneratePcm arm64 /Users/runner/work/-uc/-uc/build/ModuleCache.noindex/DeveloperToolsSupport-DS2TXIR4KMEO8KI37KJOXH1N6.pcm

SwiftExplicitDependencyGeneratePcm arm64 /Users/runner/work/-uc/-uc/build/ModuleCache.noindex/_Builtin_stddef-5J21N8GNS1HN2TAPQEP9Q5ITR.pcm

SwiftExplicitDependencyGeneratePcm arm64 /Users/runner/work/-uc/-uc/build/ModuleCache.noindex/_Builtin_float-8X0JBMQL3CV3VNKI4JGLTXCTC.pcm

SwiftExplicitDependencyGeneratePcm arm64 /Users/runner/work/-uc/-uc/build/ModuleCache.noindex/_SwiftConcurrencyShims-D6L2I3JESK8K294QRWC3TBB56.pcm

SwiftExplicitDependencyGeneratePcm arm64 /Users/runner/work/-uc/-uc/build/ModuleCache.noindex/_AvailabilityInternal-3QOKV5VTYTJRFT9Y5KKCS4PCS.pcm

SwiftExplicitDependencyGeneratePcm arm64 /Users/runner/work/-uc/-uc/build/ModuleCache.noindex/_Builtin_stdbool-CPNETQWCJU42B6IE7W0KP6VCN.pcm

SwiftExplicitDependencyGeneratePcm arm64 /Users/runner/work/-uc/-uc/build/ModuleCache.noindex/ptrauth-DQRVDSK1PVH3VW71NVH4I70ZP.pcm

SwiftExplicitDependencyGeneratePcm arm64 /Users/runner/work/-uc/-uc/build/ModuleCache.noindex/_DarwinFoundation1-F1VSCC7YD9DSEJY9ZSCJNCOIK.pcm

SwiftExplicitDependencyGeneratePcm arm64 /Users/runner/work/-uc/-uc/build/ModuleCache.noindex/_Builtin_limits-809BHF7G230B8B9YGAS72D8AT.pcm

SwiftExplicitDependencyGeneratePcm arm64 /Users/runner/work/-uc/-uc/build/ModuleCache.noindex/_DarwinFoundation2-8OBL1JP90I02VVN9LDK6C7EZR.pcm

SwiftExplicitDependencyGeneratePcm arm64 /Users/runner/work/-uc/-uc/build/ModuleCache.noindex/_Builtin_stdint-7MICI1UG8W7BCNIL4CVWO815O.pcm

SwiftExplicitDependencyGeneratePcm arm64 /Users/runner/work/-uc/-uc/build/ModuleCache.noindex/_Builtin_tgmath-5CLA7R7UADMZCTK5G869XB0BG.pcm

SwiftExplicitDependencyGeneratePcm arm64 /Users/runner/work/-uc/-uc/build/ModuleCache.noindex/sys_types-EMG876X8XF7FCJPXHQYM81HAA.pcm

SwiftExplicitDependencyGeneratePcm arm64 /Users/runner/work/-uc/-uc/build/ModuleCache.noindex/_Builtin_stdatomic-C75GB2LNVU9MYY47K5IYJ7B5A.pcm

SwiftExplicitDependencyGeneratePcm arm64 /Users/runner/work/-uc/-uc/build/ModuleCache.noindex/_Builtin_intrinsics-E7GXQWAGULIZYGZ103KSE796V.pcm

SwiftExplicitDependencyGeneratePcm arm64 /Users/runner/work/-uc/-uc/build/ModuleCache.noindex/_DarwinFoundation3-8BHSZ0T62X7FSKSXRRWV4YO48.pcm

SwiftExplicitDependencyGeneratePcm arm64 /Users/runner/work/-uc/-uc/build/ModuleCache.noindex/_Builtin_inttypes-CNHN2DTDZTJ58DLZF9TX85XW8.pcm

SwiftExplicitDependencyGeneratePcm arm64 /Users/runner/work/-uc/-uc/build/ModuleCache.noindex/Darwin-B2JZ2Y70UC30IMO4SXPFEO468.pcm

SwiftExplicitDependencyGeneratePcm arm64 /Users/runner/work/-uc/-uc/build/ModuleCache.noindex/simd-DDVX2QX2WJ5HUIWUUE95HVDIA.pcm

SwiftExplicitDependencyGeneratePcm arm64 /Users/runner/work/-uc/-uc/build/ModuleCache.noindex/ObjectiveC-ARC6BGTVBCKQ8SEPLCI9LJA0I.pcm

SwiftExplicitDependencyGeneratePcm arm64 /Users/runner/work/-uc/-uc/build/ModuleCache.noindex/MachO-9181M6LM50RKFMU0RWQ5PWEZ2.pcm

SwiftExplicitDependencyGeneratePcm arm64 /Users/runner/work/-uc/-uc/build/ModuleCache.noindex/os_object-766JKMONVGL2O2UP2OFVVXSHU.pcm

SwiftExplicitDependencyGeneratePcm arm64 /Users/runner/work/-uc/-uc/build/ModuleCache.noindex/Spatial-6O2Q06RV9XVB7DS60STQGWOJU.pcm

SwiftExplicitDependencyGeneratePcm arm64 /Users/runner/work/-uc/-uc/build/ModuleCache.noindex/os_workgroup-6GL55LYH8LPFW4P9MN2WT3BV7.pcm

SwiftExplicitDependencyGeneratePcm arm64 /Users/runner/work/-uc/-uc/build/ModuleCache.noindex/Dispatch-AR5T5JFJKE6C1G84LV74Y385E.pcm

SwiftExplicitDependencyGeneratePcm arm64 /Users/runner/work/-uc/-uc/build/ModuleCache.noindex/CoreFoundation-A88SY2X05SPCVG5M0CCDB6QG9.pcm

SwiftExplicitDependencyGeneratePcm arm64 /Users/runner/work/-uc/-uc/build/ModuleCache.noindex/XPC-7FKHVSSZSORON41HVVDB63Y3G.pcm

SwiftExplicitDependencyGeneratePcm arm64 /Users/runner/work/-uc/-uc/build/ModuleCache.noindex/os-BMZTRYVS47BDPQ6XKGR7BLP54.pcm

SwiftExplicitDependencyGeneratePcm arm64 /Users/runner/work/-uc/-uc/build/ModuleCache.noindex/Security-TD4V9J4EWEGY3METEMEZVQS0.pcm

SwiftExplicitDependencyGeneratePcm arm64 /Users/runner/work/-uc/-uc/build/ModuleCache.noindex/CFNetwork-2ZFY5JTNF36RG4PFHQPQP2F9X.pcm

SwiftExplicitDependencyGeneratePcm arm64 /Users/runner/work/-uc/-uc/build/ModuleCache.noindex/CoreGraphics-CKS2SYLYE0DJUKDIFGZ2SJ2T5.pcm

SwiftExplicitDependencyGeneratePcm arm64 /Users/runner/work/-uc/-uc/build/ModuleCache.noindex/Foundation-CS3IVNB267GS0LTWI5041R1RO.pcm

SwiftExplicitDependencyGeneratePcm arm64 /Users/runner/work/-uc/-uc/build/ModuleCache.noindex/ImageIO-1OM76ZL496MFBM6RBHW0097Z4.pcm

SwiftExplicitDependencyGeneratePcm arm64 /Users/runner/work/-uc/-uc/build/ModuleCache.noindex/CoreText-CBYYOKJC974JFNOR3FAVEY58U.pcm

SwiftExplicitDependencyGeneratePcm arm64 /Users/runner/work/-uc/-uc/build/ModuleCache.noindex/Accessibility-DAIY1P125OTUHKAFXB00DLIHS.pcm

SwiftExplicitDependencyGeneratePcm arm64 /Users/runner/work/-uc/-uc/build/ModuleCache.noindex/OSLog-VRB1Q0BA0PS9B5K695U7PK2I.pcm

SwiftExplicitDependencyGeneratePcm arm64 /Users/runner/work/-uc/-uc/build/ModuleCache.noindex/UniformTypeIdentifiers-BMOSU7F023ZWESFCPMNZSTKFA.pcm

SwiftExplicitDependencyGeneratePcm arm64 /Users/runner/work/-uc/-uc/build/ModuleCache.noindex/DataDetection-5D4951SLE1JES9IZI4BA02GE1.pcm

SwiftExplicitDependencyGeneratePcm arm64 /Users/runner/work/-uc/-uc/build/ModuleCache.noindex/CoreData-AZI2C2B6Y5DINN028BBPZZAGN.pcm

SwiftExplicitDependencyGeneratePcm arm64 /Users/runner/work/-uc/-uc/build/ModuleCache.noindex/Symbols-C8CR9DZGQOM6WQ8OH834Q2EMS.pcm

SwiftExplicitDependencyGeneratePcm arm64 /Users/runner/work/-uc/-uc/build/ModuleCache.noindex/CoreTransferable-8MBJ3GJNGOA3YENSBI4NAMI9B.pcm

SwiftExplicitDependencyGeneratePcm arm64 /Users/runner/work/-uc/-uc/build/ModuleCache.noindex/FileProvider-EARFLQJ0WSMA79EBAKG4EFWMP.pcm

SwiftExplicitDependencyGeneratePcm arm64 /Users/runner/work/-uc/-uc/build/ModuleCache.noindex/UIUtilities-9N0VCL1P8IHQ38CTT81ATCU2N.pcm

SwiftExplicitDependencyGeneratePcm arm64 /Users/runner/work/-uc/-uc/build/ModuleCache.noindex/IOSurface-8BZ6XWFXWNYDJNBPXT8R5DBUY.pcm

SwiftExplicitDependencyGeneratePcm arm64 /Users/runner/work/-uc/-uc/build/ModuleCache.noindex/UserNotifications-DOGV434BQVAYGOMDO30Y2WRHV.pcm

SwiftExplicitDependencyGeneratePcm arm64 /Users/runner/work/-uc/-uc/build/ModuleCache.noindex/OpenGLES-C8A7MEEJV9PVIGUJSDG9I5DFG.pcm

SwiftExplicitDependencyGeneratePcm arm64 /Users/runner/work/-uc/-uc/build/ModuleCache.noindex/Metal-5V0VBVFWJMIXKOF5O29EUZSKJ.pcm

SwiftExplicitDependencyGeneratePcm arm64 /Users/runner/work/-uc/-uc/build/ModuleCache.noindex/CoreVideo-5ANXKY3XRAJH3QE5RX0Q5U1ED.pcm

SwiftExplicitDependencyGeneratePcm arm64 /Users/runner/work/-uc/-uc/build/ModuleCache.noindex/CoreImage-2KY4OW54UMJDI7TFXT18F4Q6I.pcm

SwiftExplicitDependencyGeneratePcm arm64 /Users/runner/work/-uc/-uc/build/ModuleCache.noindex/QuartzCore-59WVSGFYHASJIZDP6LR3EUC9.pcm

SwiftExplicitDependencyGeneratePcm arm64 /Users/runner/work/-uc/-uc/build/ModuleCache.noindex/SwiftUICore-1BZIOBQG3SEB38N2KYNSW7OLX.pcm

SwiftExplicitDependencyGeneratePcm arm64 /Users/runner/work/-uc/-uc/build/ModuleCache.noindex/UIKit-AIX7P4A6ZH8XRI8R5WA4A9LAT.pcm

SwiftExplicitDependencyGeneratePcm arm64 /Users/runner/work/-uc/-uc/build/ModuleCache.noindex/SwiftUI-5YRDE715GL2VOMW8060XPLCNV.pcm

SwiftGeneratePch normal arm64 Compiling\ bridging\ header (in target 'DarkSword' from project 'DarkSword')

SwiftDriverJobDiscovery normal arm64 Compiling bridging header (in target 'DarkSword' from project 'DarkSword')

SwiftCompile normal arm64 Compiling\ App.swift,\ ContentView.swift,\ Core.swift,\ ExploitSupportPolicy.swift,\ KernelExploit.swift,\ DarkswordMechanism.swift,\ ESPEngine.swift,\ ESPTab.swift,\ GeneratedAssetSymbols.swift /Users/runner/work/-uc/-uc/DarkSword/App.swift /Users/runner/work/-uc/-uc/DarkSword/ContentView.swift /Users/runner/work/-uc/-uc/DarkSword/Core.swift /Users/runner/work/-uc/-uc/DarkSword/ExploitSupportPolicy.swift /Users/runner/work/-uc/-uc/DarkSword/KernelExploit.swift /Users/runner/work/-uc/-uc/DarkSword/DarkswordMechanism.swift /Users/runner/work/-uc/-uc/DarkSword/ESPEngine.swift /Users/runner/work/-uc/-uc/DarkSword/ESPTab.swift /Users/runner/work/-uc/-uc/build/Build/Intermediates.noindex/DarkSword.build/Release-iphoneos/DarkSword.build/DerivedSources/GeneratedAssetSymbols.swift /Applications/Xcode_26.3.app/Contents/Developer/Toolchains/XcodeDefault.xctoolchain/usr/lib/swift/iphoneos/prebuilt-modules/26.2/Swift.swiftmodule/arm64e-apple-ios.swiftmodule /Applications/Xcode_26.3.app/Contents/Developer/Toolchains/XcodeDefault.xctoolchain/usr/lib/swift/iphoneos/prebuilt-modules/26.2/CoreGraphics.swiftmodule/arm64e-apple-ios.swiftmodule /Applications/Xcode_26.3.app/Contents/Developer/Toolchains/XcodeDefault.xctoolchain/usr/lib/swift/iphoneos/prebuilt-modules/26.2/Spatial.swiftmodule/arm64e-apple-ios.swiftmodule /Applications/Xcode_26.3.app/Contents/Developer/Toolchains/XcodeDefault.xctoolchain/usr/lib/swift/iphoneos/prebuilt-modules/26.2/UniformTypeIdentifiers.swiftmodule/arm64e-apple-ios.swiftmodule /Applications/Xcode_26.3.app/Contents/Developer/Toolchains/XcodeDefault.xctoolchain/usr/lib/swift/iphoneos/prebuilt-modules/26.2/simd.swiftmodule/arm64e-apple-ios.swiftmodule /Applications/Xcode_26.3.app/Contents/Developer/Toolchains/XcodeDefault.xctoolchain/usr/lib/swift/iphoneos/prebuilt-modules/26.2/Foundation.swiftmodule/arm64e-apple-ios.swiftmodule /Applications/Xcode_26.3.app/Contents/Developer/Toolchains/XcodeDefault.xctoolchain/usr/lib/swift/iphoneos/prebuilt-modules/26.2/CoreVideo.swiftmodule/arm64e-apple-ios.swiftmodule /Applications/Xcode_26.3.app/Contents/Developer/Toolchains/XcodeDefault.xctoolchain/usr/lib/swift/iphoneos/prebuilt-modules/26.2/Observation.swiftmodule/arm64e-apple-ios.swiftmodule /Applications/Xcode_26.3.app/Contents/Developer/Toolchains/XcodeDefault.xctoolchain/usr/lib/swift/iphoneos/prebuilt-modules/26.2/Darwin.swiftmodule/arm64e-apple-ios.swiftmodule /Applications/Xcode_26.3.app/Contents/Developer/Toolchains/XcodeDefault.xctoolchain/usr/lib/swift/iphoneos/prebuilt-modules/26.2/CoreText.swiftmodule/arm64e-apple-ios.swiftmodule /Applications/Xcode_26.3.app/Contents/Developer/Toolchains/XcodeDefault.xctoolchain/usr/lib/swift/iphoneos/prebuilt-modules/26.2/System.swiftmodule/arm64e-apple-ios.swiftmodule /Applications/Xcode_26.3.app/Contents/Developer/Toolchains/XcodeDefault.xctoolchain/usr/lib/swift/iphoneos/prebuilt-modules/26.2/ObjectiveC.swiftmodule/arm64e-apple-ios.swiftmodule /Applications/Xcode_26.3.app/Contents/Developer/Toolchains/XcodeDefault.xctoolchain/usr/lib/swift/iphoneos/prebuilt-modules/26.2/_Builtin_float.swiftmodule/arm64e-apple-ios.swiftmodule /Applications/Xcode_26.3.app/Contents/Developer/Toolchains/XcodeDefault.xctoolchain/usr/lib/swift/iphoneos/prebuilt-modules/26.2/SwiftUICore.swiftmodule/arm64e-apple-ios.swiftmodule /Applications/Xcode_26.3.app/Contents/Developer/Toolchains/XcodeDefault.xctoolchain/usr/lib/swift/iphoneos/prebuilt-modules/26.2/CoreTransferable.swiftmodule/arm64e-apple-ios.swiftmodule /Applications/Xcode_26.3.app/Contents/Developer/Toolchains/XcodeDefault.xctoolchain/usr/lib/swift/iphoneos/prebuilt-modules/26.2/_DarwinFoundation1.swiftmodule/arm64e-apple-ios.swiftmodule /Applications/Xcode_26.3.app/Contents/Developer/Toolchains/XcodeDefault.xctoolchain/usr/lib/swift/iphoneos/prebuilt-modules/26.2/Accessibility.swiftmodule/arm64e-apple-ios.swiftmodule /Applications/Xcode_26.3.app/Contents/Developer/Toolchains/XcodeDefault.xctoolchain/usr/lib/swift/iphoneos/prebuilt-modules/26.2/Dispatch.swiftmodule/arm64e-apple-ios.swiftmodule /Applications/Xcode_26.3.app/Contents/Developer/Toolchains/XcodeDefault.xctoolchain/usr/lib/swift/iphoneos/prebuilt-modules/26.2/DataDetection.swiftmodule/arm64e-apple-ios.swiftmodule /Applications/Xcode_26.3.app/Contents/Developer/Toolchains/XcodeDefault.xctoolchain/usr/lib/swift/iphoneos/prebuilt-modules/26.2/OSLog.swiftmodule/arm64e-apple-ios.swiftmodule /Applications/Xcode_26.3.app/Contents/Developer/Toolchains/XcodeDefault.xctoolchain/usr/lib/swift/iphoneos/prebuilt-modules/26.2/CoreFoundation.swiftmodule/arm64e-apple-ios.swiftmodule /Applications/Xcode_26.3.app/Contents/Developer/Toolchains/XcodeDefault.xctoolchain/usr/lib/swift/iphoneos/prebuilt-modules/26.2/FileProvider.swiftmodule/arm64e-apple-ios.swiftmodule /Applications/Xcode_26.3.app/Contents/Developer/Toolchains/XcodeDefault.xctoolchain/usr/lib/swift/iphoneos/prebuilt-modules/26.2/Combine.swiftmodule/arm64e-apple-ios.swiftmodule /Applications/Xcode_26.3.app/Contents/Developer/Toolchains/XcodeDefault.xctoolchain/usr/lib/swift/iphoneos/prebuilt-modules/26.2/_DarwinFoundation3.swiftmodule/arm64e-apple-ios.swiftmodule /Applications/Xcode_26.3.app/Contents/Developer/Toolchains/XcodeDefault.xctoolchain/usr/lib/swift/iphoneos/prebuilt-modules/26.2/Symbols.swiftmodule/arm64e-apple-ios.swiftmodule /Applications/Xcode_26.3.app/Contents/Developer/Toolchains/XcodeDefault.xctoolchain/usr/lib/swift/iphoneos/prebuilt-modules/26.2/_DarwinFoundation2.swiftmodule/arm64e-apple-ios.swiftmodule /Applications/Xcode_26.3.app/Contents/Developer/Toolchains/XcodeDefault.xctoolchain/usr/lib/swift/iphoneos/prebuilt-modules/26.2/Metal.swiftmodule/arm64e-apple-ios.swiftmodule /Applications/Xcode_26.3.app/Contents/Developer/Toolchains/XcodeDefault.xctoolchain/usr/lib/swift/iphoneos/prebuilt-modules/26.2/UIKit.swiftmodule/arm64e-apple-ios.swiftmodule /Applications/Xcode_26.3.app/Contents/Developer/Toolchains/XcodeDefault.xctoolchain/usr/lib/swift/iphoneos/prebuilt-modules/26.2/CoreData.swiftmodule/arm64e-apple-ios.swiftmodule /Applications/Xcode_26.3.app/Contents/Developer/Toolchains/XcodeDefault.xctoolchain/usr/lib/swift/iphoneos/prebuilt-modules/26.2/DeveloperToolsSupport.swiftmodule/arm64e-apple-ios.swiftmodule /Applications/Xcode_26.3.app/Contents/Developer/Toolchains/XcodeDefault.xctoolchain/usr/lib/swift/iphoneos/prebuilt-modules/26.2/CoreImage.swiftmodule/arm64e-apple-ios.swiftmodule /Applications/Xcode_26.3.app/Contents/Developer/Toolchains/XcodeDefault.xctoolchain/usr/lib/swift/iphoneos/prebuilt-modules/26.2/SwiftUI.swiftmodule/arm64e-apple-ios.swiftmodule /Applications/Xcode_26.3.app/Contents/Developer/Toolchains/XcodeDefault.xctoolchain/usr/lib/swift/iphoneos/prebuilt-modules/26.2/os.swiftmodule/arm64e-apple-ios.swiftmodule /Applications/Xcode_26.3.app/Contents/Developer/Toolchains/XcodeDefault.xctoolchain/usr/lib/swift/iphoneos/prebuilt-modules/26.2/XPC.swiftmodule/arm64e-apple-ios.swiftmodule /Applications/Xcode_26.3.app/Contents/Developer/Toolchains/XcodeDefault.xctoolchain/usr/lib/swift/iphoneos/prebuilt-modules/26.2/QuartzCore.swiftmodule/arm64e-apple-ios.swiftmodule /Applications/Xcode_26.3.app/Contents/Developer/Toolchains/XcodeDefault.xctoolchain/usr/lib/swift/iphoneos/prebuilt-modules/26.2/_StringProcessing.swiftmodule/arm64e-apple-ios.swiftmodule /Applications/Xcode_26.3.app/Contents/Developer/Toolchains/XcodeDefault.xctoolchain/usr/lib/swift/iphoneos/prebuilt-modules/26.2/_Concurrency.swiftmodule/arm64e-apple-ios.swiftmodule /Users/runner/work/-uc/-uc/build/ModuleCache.noindex/os-BMZTRYVS47BDPQ6XKGR7BLP54.pcm /Users/runner/work/-uc/-uc/build/ModuleCache.noindex/CFNetwork-2ZFY5JTNF36RG4PFHQPQP2F9X.pcm /Users/runner/work/-uc/-uc/build/ModuleCache.noindex/QuartzCore-59WVSGFYHASJIZDP6LR3EUC9.pcm /Users/runner/work/-uc/-uc/build/ModuleCache.noindex/_Builtin_float-8X0JBMQL3CV3VNKI4JGLTXCTC.pcm /Users/runner/work/-uc/-uc/build/ModuleCache.noindex/FileProvider-EARFLQJ0WSMA79EBAKG4EFWMP.pcm /Users/runner/work/-uc/-uc/build/ModuleCache.noindex/_DarwinFoundation1-F1VSCC7YD9DSEJY9ZSCJNCOIK.pcm /Users/runner/work/-uc/-uc/build/ModuleCache.noindex/UniformTypeIdentifiers-BMOSU7F023ZWESFCPMNZSTKFA.pcm /Users/runner/work/-uc/-uc/build/ModuleCache.noindex/DeveloperToolsSupport-DS2TXIR4KMEO8KI37KJOXH1N6.pcm /Users/runner/work/-uc/-uc/build/ModuleCache.noindex/_Builtin_limits-809BHF7G230B8B9YGAS72D8AT.pcm /Users/runner/work/-uc/-uc/build/ModuleCache.noindex/CoreFoundation-A88SY2X05SPCVG5M0CCDB6QG9.pcm /Users/runner/work/-uc/-uc/build/ModuleCache.noindex/SwiftUI-5YRDE715GL2VOMW8060XPLCNV.pcm /Users/runner/work/-uc/-uc/build/ModuleCache.noindex/Symbols-C8CR9DZGQOM6WQ8OH834Q2EMS.pcm /Users/runner/work/-uc/-uc/build/ModuleCache.noindex/UserNotifications-DOGV434BQVAYGOMDO30Y2WRHV.pcm /Users/runner/work/-uc/-uc/build/ModuleCache.noindex/os_object-766JKMONVGL2O2UP2OFVVXSHU.pcm /Users/runner/work/-uc/-uc/build/ModuleCache.noindex/_Builtin_inttypes-CNHN2DTDZTJ58DLZF9TX85XW8.pcm /Users/runner/work/-uc/-uc/build/ModuleCache.noindex/_SwiftConcurrencyShims-D6L2I3JESK8K294QRWC3TBB56.pcm /Users/runner/work/-uc/-uc/build/ModuleCache.noindex/ptrcheck-5Q8D9KA6UPYSVFYSL0FWOI11V.pcm /Users/runner/work/-uc/-uc/build/ModuleCache.noindex/DataDetection-5D4951SLE1JES9IZI4BA02GE1.pcm /Users/runner/work/-uc/-uc/build/ModuleCache.noindex/MachO-9181M6LM50RKFMU0RWQ5PWEZ2.pcm /Users/runner/work/-uc/-uc/build/ModuleCache.noindex/sys_types-EMG876X8XF7FCJPXHQYM81HAA.pcm /Users/runner/work/-uc/-uc/build/ModuleCache.noindex/_Builtin_stdint-7MICI1UG8W7BCNIL4CVWO815O.pcm /Users/runner/work/-uc/-uc/build/ModuleCache.noindex/_Builtin_stdatomic-C75GB2LNVU9MYY47K5IYJ7B5A.pcm /Users/runner/work/-uc/-uc/build/ModuleCache.noindex/Dispatch-AR5T5JFJKE6C1G84LV74Y385E.pcm /Users/runner/work/-uc/-uc/build/ModuleCache.noindex/ImageIO-1OM76ZL496MFBM6RBHW0097Z4.pcm /Users/runner/work/-uc/-uc/build/ModuleCache.noindex/_AvailabilityInternal-3QOKV5VTYTJRFT9Y5KKCS4PCS.pcm /Users/runner/work/-uc/-uc/build/ModuleCache.noindex/Foundation-CS3IVNB267GS0LTWI5041R1RO.pcm /Users/runner/work/-uc/-uc/build/ModuleCache.noindex/XPC-7FKHVSSZSORON41HVVDB63Y3G.pcm /Users/runner/work/-uc/-uc/build/ModuleCache.noindex/IOSurface-8BZ6XWFXWNYDJNBPXT8R5DBUY.pcm /Users/runner/work/-uc/-uc/build/ModuleCache.noindex/Accessibility-DAIY1P125OTUHKAFXB00DLIHS.pcm /Users/runner/work/-uc/-uc/build/ModuleCache.noindex/_Builtin_stdbool-CPNETQWCJU42B6IE7W0KP6VCN.pcm /Users/runner/work/-uc/-uc/build/ModuleCache.noindex/Security-TD4V9J4EWEGY3METEMEZVQS0.pcm /Users/runner/work/-uc/-uc/build/ModuleCache.noindex/_Builtin_tgmath-5CLA7R7UADMZCTK5G869XB0BG.pcm /Users/runner/work/-uc/-uc/build/ModuleCache.noindex/OSLog-VRB1Q0BA0PS9B5K695U7PK2I.pcm /Users/runner/work/-uc/-uc/build/ModuleCache.noindex/ObjectiveC-ARC6BGTVBCKQ8SEPLCI9LJA0I.pcm /Users/runner/work/-uc/-uc/build/ModuleCache.noindex/UIUtilities-9N0VCL1P8IHQ38CTT81ATCU2N.pcm /Users/runner/work/-uc/-uc/build/ModuleCache.noindex/SwiftShims-82P4PI90WX1Q7GNJ8N9W72RXY.pcm /Users/runner/work/-uc/-uc/build/ModuleCache.noindex/Spatial-6O2Q06RV9XVB7DS60STQGWOJU.pcm /Users/runner/work/-uc/-uc/build/ModuleCache.noindex/Metal-5V0VBVFWJMIXKOF5O29EUZSKJ.pcm /Users/runner/work/-uc/-uc/build/ModuleCache.noindex/ptrauth-DQRVDSK1PVH3VW71NVH4I70ZP.pcm /Users/runner/work/-uc/-uc/build/ModuleCache.noindex/_Builtin_stdarg-A1UBY5EIHYNJWM784ADV4TSV.pcm /Users/runner/work/-uc/-uc/build/ModuleCache.noindex/CoreImage-2KY4OW54UMJDI7TFXT18F4Q6I.pcm /Users/runner/work/-uc/-uc/build/ModuleCache.noindex/_Builtin_intrinsics-E7GXQWAGULIZYGZ103KSE796V.pcm /Users/runner/work/-uc/-uc/build/ModuleCache.noindex/_DarwinFoundation2-8OBL1JP90I02VVN9LDK6C7EZR.pcm /Users/runner/work/-uc/-uc/build/ModuleCache.noindex/os_workgroup-6GL55LYH8LPFW4P9MN2WT3BV7.pcm /Users/runner/work/-uc/-uc/build/ModuleCache.noindex/CoreText-CBYYOKJC974JFNOR3FAVEY58U.pcm /Users/runner/work/-uc/-uc/build/ModuleCache.noindex/_DarwinFoundation3-8BHSZ0T62X7FSKSXRRWV4YO48.pcm /Users/runner/work/-uc/-uc/build/ModuleCache.noindex/SwiftUICore-1BZIOBQG3SEB38N2KYNSW7OLX.pcm /Users/runner/work/-uc/-uc/build/ModuleCache.noindex/Darwin-B2JZ2Y70UC30IMO4SXPFEO468.pcm /Users/runner/work/-uc/-uc/build/ModuleCache.noindex/CoreGraphics-CKS2SYLYE0DJUKDIFGZ2SJ2T5.pcm /Users/runner/work/-uc/-uc/build/ModuleCache.noindex/OpenGLES-C8A7MEEJV9PVIGUJSDG9I5DFG.pcm /Users/runner/work/-uc/-uc/build/ModuleCache.noindex/_Builtin_stddef-5J21N8GNS1HN2TAPQEP9Q5ITR.pcm /Users/runner/work/-uc/-uc/build/ModuleCache.noindex/CoreVideo-5ANXKY3XRAJH3QE5RX0Q5U1ED.pcm /Users/runner/work/-uc/-uc/build/ModuleCache.noindex/UIKit-AIX7P4A6ZH8XRI8R5WA4A9LAT.pcm /Users/runner/work/-uc/-uc/build/ModuleCache.noindex/simd-DDVX2QX2WJ5HUIWUUE95HVDIA.pcm /Users/runner/work/-uc/-uc/build/ModuleCache.noindex/CoreData-AZI2C2B6Y5DINN028BBPZZAGN.pcm /Users/runner/work/-uc/-uc/build/ModuleCache.noindex/CoreTransferable-8MBJ3GJNGOA3YENSBI4NAMI9B.pcm /Users/runner/work/-uc/-uc/build/Build/Intermediates.noindex/DarkSword.build/Release-iphoneos/DarkSword.build/Objects-normal/arm64/DarkSword-dependencies-1.json /Users/runner/work/-uc/-uc/build/Build/Intermediates.noindex/DarkSword.build/Release-iphoneos/DarkSword.build/Objects-normal/arm64/DarkSword-primary-Bridging-header.pch (in target 'DarkSword' from project 'DarkSword')
Failed frontend command:
/Applications/Xcode_26.3.app/Contents/Developer/Toolchains/XcodeDefault.xctoolchain/usr/bin/swift-frontend -frontend -c /Users/runner/work/-uc/-uc/DarkSword/App.swift /Users/runner/work/-uc/-uc/DarkSword/ContentView.swift /Users/runner/work/-uc/-uc/DarkSword/Core.swift /Users/runner/work/-uc/-uc/DarkSword/ExploitSupportPolicy.swift /Users/runner/work/-uc/-uc/DarkSword/KernelExploit.swift /Users/runner/work/-uc/-uc/DarkSword/DarkswordMechanism.swift /Users/runner/work/-uc/-uc/DarkSword/ESPEngine.swift /Users/runner/work/-uc/-uc/DarkSword/ESPTab.swift /Users/runner/work/-uc/-uc/build/Build/Intermediates.noindex/DarkSword.build/Release-iphoneos/DarkSword.build/DerivedSources/GeneratedAssetSymbols.swift -supplementary-output-file-map /Users/runner/work/-uc/-uc/build/Build/Intermediates.noindex/DarkSword.build/Release-iphoneos/DarkSword.build/Objects-normal/arm64/supplementaryOutputs-1 -emit-localized-strings -emit-localized-strings-path /Users/runner/work/-uc/-uc/build/Build/Intermediates.noindex/DarkSword.build/Release-iphoneos/DarkSword.build/Objects-normal/arm64 -target arm64-apple-ios16.0 -module-can-import-version DeveloperToolsSupport 23.0.4 23.0.4 -module-can-import-version SwiftUI 7.2.5.1 7.2.5 -module-can-import-version UIKit 9126.2.4.1 9126.2.4 -load-resolved-plugin /Applications/Xcode_26.3.app/Contents/Developer/Platforms/iPhoneOS.platform/Developer/usr/lib/swift/host/plugins/libFoundationMacros.dylib\#/Applications/Xcode_26.3.app/Contents/Developer/Platforms/iPhoneOS.platform/Developer/usr/bin/swift-plugin-server\#FoundationMacros -load-resolved-plugin /Applications/Xcode_26.3.app/Contents/Developer/Platforms/iPhoneOS.platform/Developer/usr/lib/swift/host/plugins/libObservationMacros.dylib\#/Applications/Xcode_26.3.app/Contents/Developer/Platforms/iPhoneOS.platform/Developer/usr/bin/swift-plugin-server\#ObservationMacros -load-resolved-plugin /Applications/Xcode_26.3.app/Contents/Developer/Platforms/iPhoneOS.platform/Developer/usr/lib/swift/host/plugins/libPreviewsMacros.dylib\#/Applications/Xcode_26.3.app/Contents/Developer/Platforms/iPhoneOS.platform/Developer/usr/bin/swift-plugin-server\#PreviewsMacros -load-resolved-plugin /Applications/Xcode_26.3.app/Contents/Developer/Platforms/iPhoneOS.platform/Developer/usr/lib/swift/host/plugins/libSwiftMacros.dylib\#/Applications/Xcode_26.3.app/Contents/Developer/Platforms/iPhoneOS.platform/Developer/usr/bin/swift-plugin-server\#SwiftMacros -load-resolved-plugin /Applications/Xcode_26.3.app/Contents/Developer/Platforms/iPhoneOS.platform/Developer/usr/lib/swift/host/plugins/libSwiftUIMacros.dylib\#/Applications/Xcode_26.3.app/Contents/Developer/Platforms/iPhoneOS.platform/Developer/usr/bin/swift-plugin-server\#SwiftUIMacros -disable-implicit-swift-modules -Xcc -fno-implicit-modules -Xcc -fno-implicit-module-maps -explicit-swift-module-map-file /Users/runner/work/-uc/-uc/build/Build/Intermediates.noindex/DarkSword.build/Release-iphoneos/DarkSword.build/Objects-normal/arm64/DarkSword-dependencies-1.json -Xllvm -aarch64-use-tbi -enable-objc-interop -stack-check -sdk /Applications/Xcode_26.3.app/Contents/Developer/Platforms/iPhoneOS.platform/Developer/SDKs/iPhoneOS26.2.sdk -I /Users/runner/work/-uc/-uc/build/Build/Products/Release-iphoneos -F /Users/runner/work/-uc/-uc/build/Build/Products/Release-iphoneos -no-color-diagnostics -Xcc -fno-color-diagnostics -g -debug-info-format\=dwarf -dwarf-version\=4 -module-cache-path /Users/runner/work/-uc/-uc/build/Build/Intermediates.noindex/SwiftExplicitPrecompiledModules -swift-version 5 -enforce-exclusivity\=checked -O -serialize-debugging-options -const-gather-protocols-file /Users/runner/work/-uc/-uc/build/Build/Intermediates.noindex/DarkSword.build/Release-iphoneos/DarkSword.build/Objects-normal/arm64/DarkSword_const_extract_protocols.json -enable-experimental-feature DebugDescriptionMacro -enable-bare-slash-regex -empty-abi-descriptor -validate-clang-modules-once -clang-build-session-file /Users/runner/work/-uc/-uc/build/ModuleCache.noindex/Session.modulevalidation -Xcc -working-directory -Xcc /Users/runner/work/-uc/-uc -file-compilation-dir /Users/runner/work/-uc/-uc -Xcc -ivfsstatcache -Xcc /Users/runner/work/-uc/-uc/build/SDKStatCaches.noindex/iphoneos26.2-23C57-dc75598d0054f22ec865fa860f139d722dd23b4ebda140f7210d155ff1243552.sdkstatcache -Xcc -I/Users/runner/work/-uc/-uc/build/Build/Intermediates.noindex/DarkSword.build/Release-iphoneos/DarkSword.build/swift-overrides.hmap -Xcc -iquote -Xcc /Users/runner/work/-uc/-uc/build/Build/Intermediates.noindex/DarkSword.build/Release-iphoneos/DarkSword.build/DarkSword-generated-files.hmap -Xcc -I/Users/runner/work/-uc/-uc/build/Build/Intermediates.noindex/DarkSword.build/Release-iphoneos/DarkSword.build/DarkSword-own-target-headers.hmap -Xcc -I/Users/runner/work/-uc/-uc/build/Build/Intermediates.noindex/DarkSword.build/Release-iphoneos/DarkSword.build/DarkSword-all-target-headers.hmap -Xcc -iquote -Xcc /Users/runner/work/-uc/-uc/build/Build/Intermediates.noindex/DarkSword.build/Release-iphoneos/DarkSword.build/DarkSword-project-headers.hmap -Xcc -I/Users/runner/work/-uc/-uc/build/Build/Products/Release-iphoneos/include -Xcc -I/Users/runner/work/-uc/-uc/DarkSword -Xcc -I/Users/runner/work/-uc/-uc/DarkSword/kexploit -Xcc -I/Users/runner/work/-uc/-uc/DarkSword/TaskRop -Xcc -I/Users/runner/work/-uc/-uc/DarkSword/tweaks -Xcc -I/Users/runner/work/-uc/-uc/DarkSword/utils -Xcc -I/Users/runner/work/-uc/-uc/DarkSword/research -Xcc -I/Users/runner/work/-uc/-uc/DarkSword/esp -Xcc -I/Users/runner/work/-uc/-uc/DarkSword/esp/Core -Xcc -I/Users/runner/work/-uc/-uc/DarkSword/esp/drawing_view -Xcc -I/Users/runner/work/-uc/-uc/build/Build/Intermediates.noindex/DarkSword.build/Release-iphoneos/DarkSword.build/DerivedSources-normal/arm64 -Xcc -I/Users/runner/work/-uc/-uc/build/Build/Intermediates.noindex/DarkSword.build/Release-iphoneos/DarkSword.build/DerivedSources/arm64 -Xcc -I/Users/runner/work/-uc/-uc/build/Build/Intermediates.noindex/DarkSword.build/Release-iphoneos/DarkSword.build/DerivedSources -import-objc-header /Users/runner/work/-uc/-uc/build/Build/Intermediates.noindex/DarkSword.build/Release-iphoneos/DarkSword.build/Objects-normal/arm64/DarkSword-primary-Bridging-header.pch -no-auto-bridging-header-chaining -module-name DarkSword -frontend-parseable-output -disable-clang-spi -target-sdk-version 26.2 -target-sdk-name iphoneos26.2 -clang-target arm64-apple-ios26.2 -in-process-plugin-server-path /Applications/Xcode_26.3.app/Contents/Developer/Toolchains/XcodeDefault.xctoolchain/usr/lib/swift/host/libSwiftInProcPluginServer.dylib -enable-default-cmo -num-threads 3 -o /Users/runner/work/-uc/-uc/build/Build/Intermediates.noindex/DarkSword.build/Release-iphoneos/DarkSword.build/Objects-normal/arm64/App.o -o /Users/runner/work/-uc/-uc/build/Build/Intermediates.noindex/DarkSword.build/Release-iphoneos/DarkSword.build/Objects-normal/arm64/ContentView.o -o /Users/runner/work/-uc/-uc/build/Build/Intermediates.noindex/DarkSword.build/Release-iphoneos/DarkSword.build/Objects-normal/arm64/Core.o -o /Users/runner/work/-uc/-uc/build/Build/Intermediates.noindex/DarkSword.build/Release-iphoneos/DarkSword.build/Objects-normal/arm64/ExploitSupportPolicy.o -o /Users/runner/work/-uc/-uc/build/Build/Intermediates.noindex/DarkSword.build/Release-iphoneos/DarkSword.build/Objects-normal/arm64/KernelExploit.o -o /Users/runner/work/-uc/-uc/build/Build/Intermediates.noindex/DarkSword.build/Release-iphoneos/DarkSword.build/Objects-normal/arm64/DarkswordMechanism.o -o /Users/runner/work/-uc/-uc/build/Build/Intermediates.noindex/DarkSword.build/Release-iphoneos/DarkSword.build/Objects-normal/arm64/ESPEngine.o -o /Users/runner/work/-uc/-uc/build/Build/Intermediates.noindex/DarkSword.build/Release-iphoneos/DarkSword.build/Objects-normal/arm64/ESPTab.o -o /Users/runner/work/-uc/-uc/build/Build/Intermediates.noindex/DarkSword.build/Release-iphoneos/DarkSword.build/Objects-normal/arm64/GeneratedAssetSymbols.o -index-unit-output-path /DarkSword.build/Release-iphoneos/DarkSword.build/Objects-normal/arm64/App.o -index-unit-output-path /DarkSword.build/Release-iphoneos/DarkSword.build/Objects-normal/arm64/ContentView.o -index-unit-output-path /DarkSword.build/Release-iphoneos/DarkSword.build/Objects-normal/arm64/Core.o -index-unit-output-path /DarkSword.build/Release-iphoneos/DarkSword.build/Objects-normal/arm64/ExploitSupportPolicy.o -index-unit-output-path /DarkSword.build/Release-iphoneos/DarkSword.build/Objects-normal/arm64/KernelExploit.o -index-unit-output-path /DarkSword.build/Release-iphoneos/DarkSword.build/Objects-normal/arm64/DarkswordMechanism.o -index-unit-output-path /DarkSword.build/Release-iphoneos/DarkSword.build/Objects-normal/arm64/ESPEngine.o -index-unit-output-path /DarkSword.build/Release-iphoneos/DarkSword.build/Objects-normal/arm64/ESPTab.o -index-unit-output-path /DarkSword.build/Release-iphoneos/DarkSword.build/Objects-normal/arm64/GeneratedAssetSymbols.o

CompileSwift normal arm64 (in target 'DarkSword' from project 'DarkSword')
    cd /Users/runner/work/-uc/-uc
    
/Users/runner/work/-uc/-uc/DarkSword/ESPEngine.swift:246:27: error: cannot assign value of type 'Int32' to type 'Int'
                startRc = esp_host_start(true)
                          ^~~~~~~~~~~~~~~~~~~~
                          Int(                )
/Users/runner/work/-uc/-uc/DarkSword/ESPEngine.swift:476:67: error: member 'failed' expects argument of type 'String'
            if !self.autoStartPending, !self.busy, self.phase == .failed,
                                                                  ^

